// Jest Snapshot v1, https://goo.gl/fbAQLP

exports[`ForecastDetails component renders correctly 1`] = `
<DocumentFragment>
  <div
    class="forecast-details"
  >
    <div
      class="forecast-details__date "
    >
      Thu Jan 01 1970
    </div>
    <div
      class="forecast-details__min-temperature"
    >
      Min Temperature: 3°C
    </div>
    <div
      class="forecast-details__max-temperature"
    >
      Max Temperature: 50°C
    </div>
    <div
      class="forecast-details__humidity"
    >
      Humidity: 12%
    </div>
    <div
      class="forecast-details__wind-speed"
    >
      Wind Speed: 99 mph
    </div>
    <div
      class="forecast-details__wind-direction"
    >
      Wind Direction: n
    </div>
  </div>
</DocumentFragment>
`;
